// Vitest Snapshot v1, https://vitest.dev/guide/snapshot.html

exports[`bracketBuilder > matches geometry snapshot 1`] = `
{
  "boundingBox": {
    "max": [
      40,
      20,
      40,
    ],
    "min": [
      0,
      0,
      0,
    ],
  },
  "surfaceArea": 3936.2383,
  "triangleCount": 364,
  "vertexCount": 176,
  "volume": 6777.5488,
}
`;
