// Vitest Snapshot v1, https://vitest.dev/guide/snapshot.html

exports[`spacerBuilder > matches geometry snapshot 1`] = `
{
  "boundingBox": {
    "max": [
      10,
      10,
      10,
    ],
    "min": [
      -10,
      -10,
      0,
    ],
  },
  "surfaceArea": 1369.4026,
  "triangleCount": 192,
  "vertexCount": 96,
  "volume": 2930.1034,
}
`;
