// Vitest Snapshot v1, https://vitest.dev/guide/snapshot.html

exports[`washerBuilder > matches geometry snapshot 1`] = `
{
  "boundingBox": {
    "max": [
      6,
      6,
      1.5,
    ],
    "min": [
      -6,
      -6,
      0,
    ],
  },
  "surfaceArea": 254.1885,
  "triangleCount": 192,
  "vertexCount": 96,
  "volume": 127.2282,
}
`;
